// Jest Snapshot v1, https://goo.gl/fbAQLP

exports[`JavaScript output: transformed source code 1`] = `
"module.exports = (
  <div>
    {[[1, 2, 3], [], null].map((list, i) => {
      return (
        <div key={i}>
          {Array.isArray(list) && list.length
            ? list.map(item => {
                return <span key={item}>{item}</span>;
              })
            : \\"No items in this list\\"}
          {Array.isArray(list) && list.length
            ? list.map(item => {
                return <span key={item}>{item}</span>;
              })
            : [
                \\"This is \\",
                <strong key=\\"pug:1:0\\">literally</strong>,
                \\" the same list!\\"
              ]}
        </div>
      );
    })}
  </div>
);
"
`;

exports[`html output: generated html 1`] = `
<div>
  <div>
    <span>
      1
    </span>
    <span>
      2
    </span>
    <span>
      3
    </span>
    <span>
      1
    </span>
    <span>
      2
    </span>
    <span>
      3
    </span>
  </div>
  <div>
    No items in this list
    This is 
    <strong>
      literally
    </strong>
     the same list!
  </div>
  <div>
    No items in this list
    This is 
    <strong>
      literally
    </strong>
     the same list!
  </div>
</div>
`;

exports[`static html output: static html 1`] = `"<div><div><span>1</span><span>2</span><span>3</span><span>1</span><span>2</span><span>3</span></div><div>No items in this listThis is <strong>literally</strong> the same list!</div><div>No items in this listThis is <strong>literally</strong> the same list!</div></div>"`;
