// Jest Snapshot v1, https://goo.gl/fbAQLP

exports[`JavaScript output: transformed source code 1`] = `
"module.exports = (
  <div>
    {[1, 2, 3].map((v, i) => {
      return (
        <div key={i}>
          {v === 1 ? \\"One\\" : v === 2 ? \\"Two\\" : \\"Many\\"}
          {v === 3 ? (
            <React.Fragment>
              <strong>Three</strong>is the magic number!
            </React.Fragment>
          ) : null}
          {v == 2 ? null : (
            <React.Fragment>
              <strong>Definitely</strong>not 2
            </React.Fragment>
          )}
        </div>
      );
    })}
  </div>
);
"
`;

exports[`html output: generated html 1`] = `
<div>
  <div>
    One
    <strong>
      Definitely
    </strong>
    not 2
  </div>
  <div>
    Two
  </div>
  <div>
    Many
    <strong>
      Three
    </strong>
    is the magic number!
    <strong>
      Definitely
    </strong>
    not 2
  </div>
</div>
`;

exports[`static html output: static html 1`] = `"<div><div>One<strong>Definitely</strong>not 2</div><div>Two</div><div>Many<strong>Three</strong>is the magic number!<strong>Definitely</strong>not 2</div></div>"`;
