// Jest Snapshot v1, https://goo.gl/fbAQLP

exports[`generated html 1`] = `
<div>
  foo
  
  
  bar
</div>
`;

exports[`static html 1`] = `
"<div>foo
bar</div>"
`;

exports[`transformed source code 1`] = `
"\\"use strict\\";

module.exports = <div>foo{\\"\\\\n\\"}bar</div>;"
`;
